// Jest Snapshot v1, https://goo.gl/fbAQLP

exports[`Header Component Snapshot test of Header Component 1`] = `ShallowWrapper {}`;
